python : [2026-03-01 21:50:06,290] INFO in daemon: Started palety monitor daemo
n thread
At line:1 char:1
+ python test_simple.py > test_output.txt 2>&1 ; Get-Content test_outpu ...
+ ~~~~~~~~~~~~~~~~~~~~~~~~~~~~~~~~~~~~~~~~~~~~
    + CategoryInfo          : NotSpecified: ([2026-03-01 21:...r daemon thread 
   :String) [], RemoteException
    + FullyQualifiedErrorId : NativeCommandError
 
[2026-03-01 21:50:06,291] INFO in daemon: Started periodic refresh_bufor_queue 
thread
[2026-03-01 21:50:06,391] DEBUG in daemon: Periodic refresh_bufor_queue execute
d
[2026-03-01 21:50:07,068] DEBUG in middleware: Incoming request (pid=35852): PO
ST /wnioski/6/reject?
[2026-03-01 21:50:07,069] ERROR in error_handlers: Unhandled exception on POST 
/wnioski/6/reject: NotFound: 404 Not Found: The requested URL was not found on 
the server. If you entered the URL manually please check your spelling and try 
again.
Traceback (most recent call last):
  File "C:\Users\arkad\AppData\Roaming\Python\Python313\site-packages\flask\app
.py", line 917, in full_dispatch_request
    rv = self.dispatch_request()
  File "C:\Users\arkad\AppData\Roaming\Python\Python313\site-packages\flask\app
.py", line 891, in dispatch_request
    self.raise_routing_exception(req)
    ~~~~~~~~~~~~~~~~~~~~~~~~~~~~^^^^^
  File "C:\Users\arkad\AppData\Roaming\Python\Python313\site-packages\flask\app
.py", line 500, in raise_routing_exception
    raise request.routing_exception  # type: ignore[misc]
    ^^^^^^^^^^^^^^^^^^^^^^^^^^^^^^^
  File "C:\Users\arkad\AppData\Roaming\Python\Python313\site-packages\flask\ctx
.py", line 362, in match_request
    result = self.url_adapter.match(return_rule=True)  # type: ignore
  File "C:\Users\arkad\AppData\Roaming\Python\Python313\site-packages\werkzeug\
routing\map.py", line 629, in match
    raise NotFound() from None
werkzeug.exceptions.NotFound: 404 Not Found: The requested URL was not found on
 the server. If you entered the URL manually please check your spelling and try
 again.
[2026-03-01 21:50:07,101] WARNING in contexts: [DEBUG role_has_access] page='da
shboard', role='lider', result=False, page_perms={'admin': {'access': True, 're
adonly': False}, 'planista': {'access': False, 'readonly': False}, 'pracownik':
 {'access': False, 'readonly': False}, 'magazynier': {'access': False, 'readonl
y': False}, 'dur': {'access': False, 'readonly': False}, 'zarzad': {'access': T
rue, 'readonly': False}, 'laborant': {'access': False, 'readonly': False}, 'lid
er': {'access': False, 'readonly': False}}
[2026-03-01 21:50:07,101] WARNING in contexts: [DEBUG role_has_access] page='za
syp', role='lider', result=False, page_perms={'admin': {'access': True, 'readon
ly': False}, 'planista': {'access': False, 'readonly': True}, 'pracownik': {'ac
cess': True, 'readonly': False}, 'magazynier': {'access': False, 'readonly': Fa
lse}, 'dur': {'access': False, 'readonly': False}, 'zarzad': {'access': True, '
readonly': False}, 'laborant': {'access': True, 'readonly': False}, 'lider': {'
access': False, 'readonly': False}}
[2026-03-01 21:50:07,102] WARNING in contexts: [DEBUG role_has_access] page='bu
for', role='lider', result=False, page_perms={'admin': {'access': False, 'reado
nly': False}, 'planista': {'access': False, 'readonly': False}, 'pracownik': {'
access': True, 'readonly': False}, 'magazynier': {'access': False, 'readonly': 
False}, 'dur': {'access': False, 'readonly': False}, 'zarzad': {'access': False
, 'readonly': False}, 'laborant': {'access': False, 'readonly': False}, 'lider'
: {'access': False, 'readonly': False}}
[2026-03-01 21:50:07,102] WARNING in contexts: [DEBUG role_has_access] page='wo
rkowanie', role='lider', result=False, page_perms={'admin': {'access': True, 'r
eadonly': False}, 'planista': {'access': False, 'readonly': True}, 'pracownik':
 {'access': True, 'readonly': False}, 'magazynier': {'access': False, 'readonly
': False}, 'dur': {'access': False, 'readonly': False}, 'zarzad': {'access': Tr
ue, 'readonly': False}, 'laborant': {'access': False, 'readonly': False}, 'lide
r': {'access': False, 'readonly': False}}
[2026-03-01 21:50:07,102] WARNING in contexts: [DEBUG role_has_access] page='ma
gazyn', role='lider', result=False, page_perms={'admin': {'access': True, 'read
only': False}, 'planista': {'access': False, 'readonly': True}, 'pracownik': {'
access': False, 'readonly': False}, 'magazynier': {'access': True, 'readonly': 
False}, 'dur': {'access': False, 'readonly': False}, 'zarzad': {'access': True,
 'readonly': False}, 'laborant': {'access': False, 'readonly': False}, 'lider':
 {'access': False, 'readonly': False}}
[2026-03-01 21:50:07,103] WARNING in contexts: [DEBUG role_has_access] page='ja
kosc', role='lider', result=False, page_perms={'admin': {'access': True, 'reado
nly': False}, 'planista': {'access': False, 'readonly': False}, 'pracownik': {'
access': False, 'readonly': False}, 'magazynier': {'access': False, 'readonly':
 False}, 'dur': {'access': False, 'readonly': False}, 'zarzad': {'access': True
, 'readonly': False}, 'laborant': {'access': True, 'readonly': False}, 'lider':
 {'access': False, 'readonly': False}}
[2026-03-01 21:50:07,103] WARNING in contexts: [DEBUG role_has_access] page='wy
niki', role='lider', result=False, page_perms={'admin': {'access': True, 'reado
nly': False}, 'planista': {'access': False, 'readonly': True}, 'pracownik': {'a
ccess': False, 'readonly': True}, 'magazynier': {'access': True, 'readonly': Fa
lse}, 'dur': {'access': False, 'readonly': True}, 'zarzad': {'access': True, 'r
eadonly': False}, 'laborant': {'access': True, 'readonly': False}, 'lider': {'a
ccess': False, 'readonly': False}}
[2026-03-01 21:50:07,104] WARNING in contexts: [DEBUG role_has_access] page='aw
arie', role='lider', result=False, page_perms={'admin': {'access': True, 'reado
nly': False}, 'planista': {'access': True, 'readonly': False}, 'pracownik': {'a
ccess': True, 'readonly': False}, 'magazynier': {'access': True, 'readonly': Fa
lse}, 'dur': {'access': True, 'readonly': False}, 'zarzad': {'access': True, 'r
eadonly': False}, 'laborant': {'access': True, 'readonly': False}, 'lider': {'a
ccess': False, 'readonly': False}}
[2026-03-01 21:50:07,104] WARNING in contexts: [DEBUG role_has_access] page='pl
anista', role='lider', result=False, page_perms={'admin': {'access': True, 'rea
donly': False}, 'planista': {'access': True, 'readonly': False}, 'pracownik': {
'access': False, 'readonly': False}, 'magazynier': {'access': False, 'readonly'
: True}, 'dur': {'access': False, 'readonly': False}, 'zarzad': {'access': True
, 'readonly': False}, 'laborant': {'access': False, 'readonly': True}, 'lider':
 {'access': False, 'readonly': False}}
[2026-03-01 21:50:07,104] WARNING in contexts: [DEBUG role_has_access] page='mo
je_godziny', role='lider', result=False, page_perms={'admin': {'access': True, 
'readonly': False}, 'planista': {'access': True, 'readonly': False}, 'pracownik
': {'access': True, 'readonly': False}, 'magazynier': {'access': True, 'readonl
y': False}, 'dur': {'access': True, 'readonly': False}, 'zarzad': {'access': Tr
ue, 'readonly': False}, 'laborant': {'access': True, 'readonly': False}, 'lider
': {'access': False, 'readonly': False}}
[2026-03-01 21:50:07,105] WARNING in contexts: [DEBUG role_has_access] page='us
tawienia', role='lider', result=False, page_perms={'admin': {'access': True, 'r
eadonly': False}, 'planista': {'access': False, 'readonly': False}, 'pracownik'
: {'access': False, 'readonly': False}, 'magazynier': {'access': False, 'readon
ly': False}, 'dur': {'access': False, 'readonly': False}, 'zarzad': {'access': 
True, 'readonly': False}, 'laborant': {'access': False, 'readonly': False}, 'li
der': {'access': False, 'readonly': False}}
[BUFOR] Odťwie┐ono bufor: usuniŕto 3, dodano 1
[INFO] Skipping auto-confirm palet on startup (AUTO_CONFIRM_PALET not set)
[OK] Baza danych jest gotowa!
[BUFOR] Odťwie┐ono bufor: usuniŕto 1, dodano 1
Status: 500
Content-Type: text/html; charset=utf-8
Text Response: <!DOCTYPE html>
<html lang="pl">

<head>
    <meta charset="UTF-8">
    <meta name="viewport" content="width=device-width, initial-scale=1.0">
    <title>System Produkcyjny</title>
    <link rel="icon" href="/static/favicon.ico" type="image/x-icon">
    <link rel="shortcut icon" href="/static/favicon.ico">
    <!-- Removed meta[name=theme-color] due to limited browser support (Firefox/Opera). Use msapplication-TileColor for broader support. -->
    <meta name="msapplication-TileColor" content="#
